[Licensing::Module] Trying to connect to existing licensing client channel...
Built from '6000.5/staging' branch; Version is '6000.5.8f1 (5cb7df797b7d) revision 6076383'; Using compiler version '194234433'; Build Type 'Release'
OS: 'Windows 11  (10.0.26200) Core' Language: 'da' Physical Memory: 7502 MB
BatchMode: 1, IsHumanControllingUs: 0, StartBugReporterOnCrash: 0, Is64bit: 1
System  architecture: x64
Process architecture: x64
Date: 2026-08-22T12:41:13Z
[Licensing::IpcConnector] Successfully connected to: "LicenseClient-dast0" at "2026-08-22T12:41:13.7822756Z"

COMMAND LINE ARGUMENTS:
C:\Program Files\Unity\Hub\Editor\6000.5.8f1\Editor\Unity.exe
-adb2
-batchMode
-noUpm
-name
AssetImportWorkerHW1
-projectPath
C:/Users/dast0/Conquian
-logFile
Logs/AssetImportWorkerHW1.log
-srvPort
65446
-parentPid
3252
-analyticsCloudUserId
5773397425070
-analyticsCloudProjectId
826535e3-7aa3-41f3-9deb-cffac0b844bc
-analyticsLocalProjectId
2464a46c323b157419de2a8fc64d5aa0
-editorAnalyticsEnabled
1
-cbmEditorLicense
68863de3d012b6d7bac4e20dfc576f0f7d157605
-cbmMachineId
Js+KGRNSnOwINCogrgKUUp/eplw=
-licensingIpc
LicenseClient-dast0
-noDiagnosticSwitchPersistentStore
-job-worker-count
5
-background-job-worker-count
8
-asset-garbage-collectors
1
-force-d3d12
-name
AssetImport
Successfully changed project path to: C:/Users/dast0/Conquian
C:/Users/dast0/Conquian
[UnityMemory] Configuration Parameters - Can be set up in boot.config
    "memorysetup-temp-allocator-size-gi-baking-worker=262144"
    "memorysetup-temp-allocator-size-gi-baking-worker=262144"
    "memorysetup-temp-allocator-size-gi-baking-worker=262144"
    "memorysetup-temp-allocator-size-gi-baking-worker=262144"
    "memorysetup-temp-allocator-size-gi-baking-worker=262144"
    "memorysetup-temp-allocator-size-nav-mesh-worker=65536"
    "memorysetup-temp-allocator-size-audio-worker=65536"
    "memorysetup-temp-allocator-size-cloud-worker=32768"
    "memorysetup-temp-allocator-size-gfx=262144"
    "memorysetup-temp-allocator-size-preload-manager=33554432"
    "memorysetup-allocator-temp-initial-block-size-main=262144"
    "memorysetup-allocator-temp-initial-block-size-worker=262144"
    "memorysetup-temp-allocator-size-job-worker=262144"
    "memorysetup-temp-allocator-size-background-worker=32768"
    "memorysetup-bucket-allocator-granularity=16"
    "memorysetup-bucket-allocator-bucket-count=8"
    "memorysetup-bucket-allocator-block-size=33554432"
    "memorysetup-bucket-allocator-block-count=8"
    "memorysetup-main-allocator-block-size=16777216"
    "memorysetup-thread-allocator-block-size=16777216"
    "memorysetup-main-allocator-mimalloc-enabled=0"
    "memorysetup-gfx-main-allocator-block-size=16777216"
    "memorysetup-gfx-thread-allocator-block-size=16777216"
    "memorysetup-cache-allocator-block-size=4194304"
    "memorysetup-typetree-allocator-block-size=2097152"
    "memorysetup-profiler-bucket-allocator-granularity=16"
    "memorysetup-profiler-bucket-allocator-bucket-count=8"
    "memorysetup-profiler-bucket-allocator-block-size=33554432"
    "memorysetup-profiler-bucket-allocator-block-count=8"
    "memorysetup-profiler-allocator-block-size=16777216"
    "memorysetup-profiler-editor-allocator-block-size=1048576"
    "memorysetup-temp-allocator-size-main=16777216"
    "memorysetup-job-temp-allocator-block-size=2097152"
    "memorysetup-job-temp-allocator-block-size-background=1048576"
    "memorysetup-job-temp-allocator-reduction-small-platforms=262144"
Player connection [7484]  Target information:

Player connection [7484]  * "[IP] 192.168.1.181 [Port] 0 [Flags] 2 [Guid] 1715492396 [EditorId] 1715492396 [Version] 1048832 [Id] WindowsEditor(7,LAPTOP-800RT31V) [Debug] 1 [PackageName] WindowsEditor [ProjectName] Editor" 

Player connection [7484] Host joined multi-casting on [225.0.0.222:54997]...
Player connection [7484] Host joined alternative multi-casting on [225.0.0.222:34997]...
JobSystem: Creating JobQueue using job-worker-count value 5
Input System module state changed to: Initialized.
[Physics::Module] Initialized fallback backend.
[Physics::Module] Id: 0xdecafbad
Library Redirect Path: Library/
[Physics::Module] Selected backend.
[Physics::Module] Name: PhysX
[Physics::Module] Id: 0xf2b8ea05
[Physics::Module] SDK Version: 4.1.2
[Physics::Module] Integration Version: 1.0.0
[Physics::Module] Threading Mode: Multi-Threaded
Refreshing native plugins compatible for Editor in 2210.95 ms, found 6 plugins.
Preloading 1 native plugins for Editor in 5.86 ms.
Initialize engine version: 6000.5.8f1 (5cb7df797b7d)
[Subsystems] Discovering subsystems at path C:/Program Files/Unity/Hub/Editor/6000.5.8f1/Editor/Data/Resources/UnitySubsystems
[Subsystems] Discovering subsystems at path C:/Users/dast0/Conquian/Assets
Forcing GfxDevice: Direct3D 12
GfxDevice: creating device client; kGfxThreadingModeNonThreaded
[Licensing::Client] Error: HandshakeResponse reported an error:
	ResponseCode: 505
	ResponseStatus: Unsupported protocol version '1.18.1'.
[Licensing::Module] Error: Failed to handshake to channel: "LicenseClient-dast0"
[Licensing::IpcConnector] LicenseClient-dast0 channel disconnected successfully.
[Licensing::IpcConnector] Successfully connected to: "LicenseClient-dast0-6000.5.8" at "2026-08-22T12:41:17.5463272Z"
[Licensing::Client] Code 10 while verifying Licensing Client signature (process Id: 23696, path: "C:/Program Files/Unity/Hub/Editor/6000.5.8f1/Editor/Data/Resources/Licensing/Client/Unity.Licensing.Client.exe")
[Licensing::Module] LicensingClient has failed validation; ignoring
[Licensing::Client] Handshaking with LicensingClient:
  Version:                 1.18.1+9fbee8e
  Session Id:              fd93e31be3ea4314b8b124610d5eff43
  Correlation Id:          491e4641d43e3f5ca8509989798d6874
  External correlation Id: 7211069688817895988
  Machine Id:              Js+KGRNSnOwINCogrgKUUp/eplw=
[Licensing::Module] Successfully connected to LicensingClient on channel: "LicenseClient-dast0-6000.5.8" (connect: 0.00s, validation: 0.01s, handshake: 0.21s)
[Licensing::IpcConnector] Successfully connected to: "LicenseClient-dast0-6000.5.8-notifications" at "2026-08-22T12:41:17.7714202Z"
[Licensing::Module] Licensing Background thread has ended after 3.99s
d3d12: failed to query info queue interface (0x80004002).
Direct3D:
    Version:         Direct3D 12 [level 12.1]
    Renderer:        AMD Radeon(TM) Graphics (ID=0x164c)
    Vendor:          ATI
    VRAM:            3751 MB
    App VRAM Budget: 3821 MB
    Driver:          31.0.12044.3
    Unified Memory Architecture
Initialize mono
Mono path[0] = 'C:/Program Files/Unity/Hub/Editor/6000.5.8f1/Editor/Data/Managed'
Mono path[1] = 'C:/Program Files/Unity/Hub/Editor/6000.5.8f1/Editor/Data/BCLExtensions/runtime/netstandard2.1'
Mono path[2] = 'C:/Program Files/Unity/Hub/Editor/6000.5.8f1/Editor/Data/MonoBleedingEdge/lib/mono/unityjit-win32'
Mono config path = 'C:/Program Files/Unity/Hub/Editor/6000.5.8f1/Editor/Data/MonoBleedingEdge/etc'
Using monoOptions --debugger-agent=transport=dt_socket,embedding=1,server=y,suspend=n,address=127.0.0.1:56828
CodeReloadManager initialized
Begin MonoManager ReloadAssembly
Registering precompiled unity dll's ...
Register platform support module: C:/Program Files/Unity/Hub/Editor/6000.5.8f1/Editor/Data/PlaybackEngines/WebGLSupport/UnityEditor.WebGL.Extensions.dll
Register platform support module: C:/Program Files/Unity/Hub/Editor/6000.5.8f1/Editor/Data/PlaybackEngines/WindowsStandaloneSupport/UnityEditor.WindowsStandalone.Extensions.dll
[Licensing::Client] Successfully resolved entitlement details
[Licensing::Module] License group:
  Id: F4-YV7J-TBXH-N7G4-SQYR-XXXX
  Product: Unity Personal
  Type: ULF
  Expiration: Unlimited
[Licensing::Module] License group:
  Id: 5773397425070-UnityPersXXXX
  Product: Unity Personal
  Type: Assigned
  Expiration: Unlimited
Register platform support module: C:/Program Files/Unity/Hub/Editor/6000.5.8f1/Editor/Data/PlaybackEngines/MetroSupport/UnityEditor.UWP.Extensions.dll
[Licensing::Client] Successfully resolved entitlement details
[Licensing::Module] License group:
  Id: F4-YV7J-TBXH-N7G4-SQYR-XXXX
  Product: Unity Personal
  Type: ULF
  Expiration: Unlimited
[Licensing::Module] License group:
  Id: 5773397425070-UnityPersXXXX
  Product: Unity Personal
  Type: Assigned
  Expiration: Unlimited
Register platform support module: C:/Program Files/Unity/Hub/Editor/6000.5.8f1/Editor/Data/PlaybackEngines/AndroidPlayer/UnityEditor.Android.Extensions.dll
Registered in 3.184314 seconds.
Native extension for Android target not found
Native extension for UWP target not found
Native extension for WindowsStandalone target not found
Native extension for WebGL target not found
Package Manager log level set to [2]
[Package Manager] Failed to launch server process. Reason: Unity was launched with the -noUpm command-line argument
[Package Manager] Unable to send message (not connected to server process).
[Package Manager] Cannot connect to Unity Package Manager local server
ScheduleIndexationOnStartup MainProcess:False IndexOnStartup:True
Mono: successfully reloaded assembly
- Finished resetting the current domain, in 10.408 seconds
Domain Reload Profiling: 26619ms
	BeginReloadAssembly (1455ms)
		ReleaseScriptingObjects (17ms)
		CreateAndSetChildDomain (14ms)
	RebuildCommonClasses (28ms)
	RebuildNativeTypeToScriptingClass (1170ms)
	initialDomainReloadingComplete (4264ms)
	LoadAllAssembliesAndSetupDomain (9288ms)
		LoadAssemblies (1528ms)
		AnalyzeDomain (8854ms)
			TypeCache.Refresh (8847ms)
				TypeCache.ScanAssembly (7574ms)
			BuildScriptInfoCaches (4ms)
	FinalizeReload (10413ms)
		SetupLoadedEditorAssemblies (0ms)
			InitializePlatformSupportModulesInManaged (233ms)
			BeforeProcessingInitializeOnLoad (301ms)
			ProcessInitializeOnLoadAttributes (414ms)
			ProcessInitializeOnLoadMethodAttributes (9121ms)
Initializing Unity extensions:
[Licensing::Client] Successfully resolved entitlement details
[Licensing::Module] License group:
  Id: F4-YV7J-TBXH-N7G4-SQYR-XXXX
  Product: Unity Personal
  Type: ULF
  Expiration: Unlimited
[Licensing::Module] License group:
  Id: 5773397425070-UnityPersXXXX
  Product: Unity Personal
  Type: Assigned
  Expiration: Unlimited
Curl error 3: URL rejected: Malformed input to a URL function
========================================================================
Worker process is ready to serve import requests
Import Worker Mode flag is 0x00
Begin MonoManager ReloadAssembly
Symbol file LoadedFromMemory is not a mono symbol file
Symbol file LoadedFromMemory is not a mono symbol file
Refreshing native plugins compatible for Editor in 69.25 ms, found 6 plugins.
Native extension for Android target not found
Native extension for UWP target not found
Native extension for WindowsStandalone target not found
Native extension for WebGL target not found
[Package Manager] Failed to launch server process. Reason: Unity was launched with the -noUpm command-line argument
[Package Manager] Unable to send message (not connected to server process).
[Package Manager] Cannot connect to Unity Package Manager local server
Refreshing native plugins compatible for Editor in 96.50 ms, found 6 plugins.
Refreshing native plugins compatible for Editor in 48.34 ms, found 6 plugins.
[Package Manager] Failed to launch server process. Reason: Unity was launched with the -noUpm command-line argument
[Package Manager] Unable to send message (not connected to server process).
[Package Manager] Cannot connect to Unity Package Manager local server
[Licensing::Client] Error: Code 404 while processing request (status: Found 0 entitlement groups and 0 free entitlements matching requested entitlement ids)
ScheduleIndexationOnStartup MainProcess:False IndexOnStartup:True
Mono: successfully reloaded assembly
- Finished resetting the current domain, in 27.370 seconds
Domain Reload Profiling: 66812ms
	BeginReloadAssembly (3150ms)
		DisableScriptedObjects (215ms)
		ReleaseScriptingObjects (4ms)
		CreateAndSetChildDomain (706ms)
	RebuildCommonClasses (73ms)
	RebuildNativeTypeToScriptingClass (76ms)
	initialDomainReloadingComplete (702ms)
	LoadAllAssembliesAndSetupDomain (35432ms)
		LoadAssemblies (29349ms)
		AnalyzeDomain (6693ms)
			TypeCache.Refresh (5568ms)
				TypeCache.ScanAssembly (5137ms)
			BuildScriptInfoCaches (1020ms)
			ResolveRequiredComponents (37ms)
	FinalizeReload (27379ms)
		SetupLoadedEditorAssemblies (0ms)
			InitializePlatformSupportModulesInManaged (156ms)
			BeforeProcessingInitializeOnLoad (2067ms)
			ProcessInitializeOnLoadAttributes (13616ms)
			ProcessInitializeOnLoadMethodAttributes (6463ms)
			AfterProcessingInitializeOnLoad (26ms)
			EditorAssembliesLoaded (15ms)
		AwakeInstancesAfterBackupRestoration (59ms)
AcceleratorClientConnectionCallback - disconnected - :0
Launched and connected shader compiler UnityShaderCompiler.exe after 0.28 seconds
Refreshing native plugins compatible for Editor in 36.66 ms, found 6 plugins.
Unloading 65 Unused Serialized files (Serialized files now loaded: 0)
Curl error 3: URL rejected: Malformed input to a URL function
Unloading 13200 unused Assets / (21.8 MB). Loaded Objects now: 14257.
Memory consumption went from 0.55 GB to 0.53 GB.
Total: 677.022700 ms (FindLiveObjects: 510.900400 ms CreateObjectMapping: 39.483000 ms MarkObjects: 81.574300 ms  DeleteObjects: 44.591600 ms)

========================================================================
Received Prepare
AcceleratorClientConnectionCallback - disconnected - :0
Refreshing native plugins compatible for Editor in 58.18 ms, found 6 plugins.
Preloading 1 native plugins for Editor in 2.88 ms.
Unloading 65 Unused Serialized files (Serialized files now loaded: 0)
Unloading 13164 unused Assets / (22.5 MB). Loaded Objects now: 14257.
Memory consumption went from 0.54 GB to 0.51 GB.
Total: 890.380900 ms (FindLiveObjects: 24.749200 ms CreateObjectMapping: 25.485100 ms MarkObjects: 809.110100 ms  DeleteObjects: 30.637000 ms)

Prepare: number of updated asset objects reloaded= 0
========================================================================
Received Prepare
AcceleratorClientConnectionCallback - disconnected - :0
[Licensing::Client] Successfully resolved entitlement details
[Licensing::Module] License group:
  Id: F4-YV7J-TBXH-N7G4-SQYR-XXXX
  Product: Unity Personal
  Type: ULF
  Expiration: Unlimited
[Licensing::Module] License group:
  Id: 5773397425070-UnityPersXXXX
  Product: Unity Personal
  Type: Assigned
  Expiration: Unlimited
Begin MonoManager ReloadAssembly
Symbol file LoadedFromMemory is not a mono symbol file
Symbol file LoadedFromMemory is not a mono symbol file
Refreshing native plugins compatible for Editor in 39.81 ms, found 6 plugins.
Native extension for Android target not found
Native extension for UWP target not found
Native extension for WindowsStandalone target not found
Native extension for WebGL target not found
[Package Manager] Failed to launch server process. Reason: Unity was launched with the -noUpm command-line argument
[Package Manager] Unable to send message (not connected to server process).
[Package Manager] Cannot connect to Unity Package Manager local server
Refreshing native plugins compatible for Editor in 40.86 ms, found 6 plugins.
[Package Manager] Failed to launch server process. Reason: Unity was launched with the -noUpm command-line argument
[Package Manager] Unable to send message (not connected to server process).
[Package Manager] Cannot connect to Unity Package Manager local server
[Licensing::Client] Error: Code 404 while processing request (status: Found 0 entitlement groups and 0 free entitlements matching requested entitlement ids)
ScheduleIndexationOnStartup MainProcess:False IndexOnStartup:True
Mono: successfully reloaded assembly
- Finished resetting the current domain, in 13.945 seconds
Domain Reload Profiling: 52470ms
	BeginReloadAssembly (21540ms)
		ExecutionOrderSort (18ms)
		DisableScriptedObjects (1693ms)
		ReleaseScriptingObjects (22ms)
		CreateAndSetChildDomain (12883ms)
	RebuildCommonClasses (42ms)
	RebuildNativeTypeToScriptingClass (64ms)
	initialDomainReloadingComplete (1722ms)
	LoadAllAssembliesAndSetupDomain (15148ms)
		LoadAssemblies (8898ms)
		AnalyzeDomain (6168ms)
			TypeCache.Refresh (707ms)
				TypeCache.ScanAssembly (8ms)
			BuildScriptInfoCaches (4842ms)
			ResolveRequiredComponents (62ms)
	FinalizeReload (13953ms)
		SetupLoadedEditorAssemblies (0ms)
			InitializePlatformSupportModulesInManaged (131ms)
			BeforeProcessingInitializeOnLoad (937ms)
			ProcessInitializeOnLoadAttributes (6687ms)
			ProcessInitializeOnLoadMethodAttributes (3827ms)
			AfterProcessingInitializeOnLoad (30ms)
			EditorAssembliesLoaded (20ms)
		AwakeInstancesAfterBackupRestoration (191ms)
Refreshing native plugins compatible for Editor in 44.53 ms, found 6 plugins.
Unloading 65 Unused Serialized files (Serialized files now loaded: 0)
Unloading 13198 unused Assets / (22.6 MB). Loaded Objects now: 14262.
Memory consumption went from 0.53 GB to 0.51 GB.
Total: 207.455700 ms (FindLiveObjects: 33.569700 ms CreateObjectMapping: 24.170000 ms MarkObjects: 108.705100 ms  DeleteObjects: 40.658100 ms)

Prepare: number of updated asset objects reloaded= 0
========================================================================
Received Import Request.
  Time of request: 2026-08-22T13:26:47.7595673Z
  Time since last request: 4282.58671520000007 seconds.
  importAddress: GUID: f80fc5ce216b6a04d86d06a984c44485 - Path: Assets/Scripts/HandManager.cs - Importer: PreviewImporter
Importing 'GUID: f80fc5ce216b6a04d86d06a984c44485 - Path: Assets/Scripts/HandManager.cs - Importer: PreviewImporter' with importer (PreviewImporter)
Imported 'GUID: f80fc5ce216b6a04d86d06a984c44485' -> (Import Result ID: 'e63a4ab3f18f2ad076d1fb51f30df5a9') in 0.296 seconds [static and dynamic dependencies]. Details - ImportResultOutputID=b24b3f3f5c6501ddcea37d8fc8a418df DependenciesID=f1c3b7dc3bc6ca4395da5e94a3eb9312 StaticDependenciesID=292a6c7a1c167b2aceb17fff50e428e9 
Number of updated asset objects reloaded before import = 0
Number of asset objects unloaded after import = 0
========================================================================
Received Prepare
AcceleratorClientConnectionCallback - disconnected - :0
Refreshing native plugins compatible for Editor in 32.61 ms, found 6 plugins.
Preloading 1 native plugins for Editor in 2.13 ms.
Unloading 65 Unused Serialized files (Serialized files now loaded: 0)
Unloading 65 unused Assets / (13.7 MB). Loaded Objects now: 14264.
Memory consumption went from 0.52 GB to 0.50 GB.
Total: 1592.197200 ms (FindLiveObjects: 39.930900 ms CreateObjectMapping: 8.131200 ms MarkObjects: 1533.878700 ms  DeleteObjects: 10.245200 ms)

Prepare: number of updated asset objects reloaded= 0
========================================================================
Received Import Request.
  Time of request: 2026-08-22T13:53:05.6980504Z
  Time since last request: 1577.58182469999997 seconds.
  importAddress: GUID: e6ece9b94ad04fa40a92f44d1ee9f9ca - Path: Assets/Card ScriptableObjects/ace_diamonds.asset - Importer: PreviewImporter
Importing 'GUID: e6ece9b94ad04fa40a92f44d1ee9f9ca - Path: Assets/Card ScriptableObjects/ace_diamonds.asset - Importer: PreviewImporter' with importer (PreviewImporter)
Imported 'GUID: e6ece9b94ad04fa40a92f44d1ee9f9ca' -> (Import Result ID: '2dab7031f152152134d49d9e73317fbd') in 2.592 seconds [static and dynamic dependencies]. Details - ImportResultOutputID=eb120eedb2b19fc3095b0d365ea12a7b DependenciesID=2819b419926f3bd794a9781e69188ee3 StaticDependenciesID=fa5a61d517bfcc4b719bfc56e407ef2a 
Number of updated asset objects reloaded before import = 0
Number of asset objects unloaded after import = 2
========================================================================
Received Import Request.
  Time of request: 2026-08-22T13:53:08.3357567Z
  Time since last request: 0.0004248 seconds.
  importAddress: GUID: 33d7ed02749ab004db1c640063f74222 - Path: Assets/Card ScriptableObjects/four_spades.asset - Importer: PreviewImporter
Importing 'GUID: 33d7ed02749ab004db1c640063f74222 - Path: Assets/Card ScriptableObjects/four_spades.asset - Importer: PreviewImporter' with importer (PreviewImporter)
Imported 'GUID: 33d7ed02749ab004db1c640063f74222' -> (Import Result ID: '0e739f2244f46cb55dddcc2f2920c2db') in 0.006 seconds [static and dynamic dependencies]. Details - ImportResultOutputID=dd0e031e451a8cd5cb000cc05e29d90c DependenciesID=407ad6a10321d0e73f59a7255fead772 StaticDependenciesID=83dcbc24539ce8b33ae3f8bebcaad651 
Number of updated asset objects reloaded before import = 0
Number of asset objects unloaded after import = 2
========================================================================
Received Import Request.
  Time of request: 2026-08-22T13:53:08.410353Z
  Time since last request: 0.0022694 seconds.
  importAddress: GUID: 5e88756e88eec9642bc2b7c60612d23f - Path: Assets/Card ScriptableObjects/ace_spades.asset - Importer: PreviewImporter
Importing 'GUID: 5e88756e88eec9642bc2b7c60612d23f - Path: Assets/Card ScriptableObjects/ace_spades.asset - Importer: PreviewImporter' with importer (PreviewImporter)
Imported 'GUID: 5e88756e88eec9642bc2b7c60612d23f' -> (Import Result ID: 'ece8704dd8f1902d4f0d5b4ab030537c') in 0.006 seconds [static and dynamic dependencies]. Details - ImportResultOutputID=081b01858f8990d8b2e7b63e7af2e820 DependenciesID=5d7f493b8dddef77a0fa18b33e3c24c8 StaticDependenciesID=a5fc5cc7ccafd65baa3a69349bba0fda 
Number of updated asset objects reloaded before import = 0
Number of asset objects unloaded after import = 2
========================================================================
Received Import Request.
  Time of request: 2026-08-22T13:53:08.4887126Z
  Time since last request: 0.0028983 seconds.
  importAddress: GUID: 7a423c2445cc80d408399b92542b9b9d - Path: Assets/Card ScriptableObjects/eight_spades.asset - Importer: PreviewImporter
Importing 'GUID: 7a423c2445cc80d408399b92542b9b9d - Path: Assets/Card ScriptableObjects/eight_spades.asset - Importer: PreviewImporter' with importer (PreviewImporter)
Imported 'GUID: 7a423c2445cc80d408399b92542b9b9d' -> (Import Result ID: 'ec8e1de3e4dcc879bcfd6204c885d579') in 0.009 seconds [static and dynamic dependencies]. Details - ImportResultOutputID=e6141b2060ac98cc9f00835dcdf19c43 DependenciesID=798b1ae68a049f34ed83999249746569 StaticDependenciesID=40e36f92272a33524d29bbf53223630e 
Number of updated asset objects reloaded before import = 0
Number of asset objects unloaded after import = 2
========================================================================
Received Import Request.
  Time of request: 2026-08-22T13:53:08.5538729Z
  Time since last request: 0.0015038 seconds.
  importAddress: GUID: bde12cd7426c9604b930d49d39ebf9de - Path: Assets/Card ScriptableObjects/eight_clubs.asset - Importer: PreviewImporter
Importing 'GUID: bde12cd7426c9604b930d49d39ebf9de - Path: Assets/Card ScriptableObjects/eight_clubs.asset - Importer: PreviewImporter' with importer (PreviewImporter)
Imported 'GUID: bde12cd7426c9604b930d49d39ebf9de' -> (Import Result ID: 'eae4d9183f7990178d773f1235d931e3') in 0.005 seconds [static and dynamic dependencies]. Details - ImportResultOutputID=b05343db760b0a77108ebceb503b433a DependenciesID=53f6fe269eaa703b24f745b6cb75cb3b StaticDependenciesID=57d4b3e4c7898fdaf9582f2c7ccc1d95 
Number of updated asset objects reloaded before import = 0
Number of asset objects unloaded after import = 2
========================================================================
Received Import Request.
  Time of request: 2026-08-22T13:53:08.6121918Z
  Time since last request: 0.0014391 seconds.
  importAddress: GUID: 7f6413a3ac0ccbf4b9c2b60f164f9cf9 - Path: Assets/Card ScriptableObjects/four_diamonds.asset - Importer: PreviewImporter
Importing 'GUID: 7f6413a3ac0ccbf4b9c2b60f164f9cf9 - Path: Assets/Card ScriptableObjects/four_diamonds.asset - Importer: PreviewImporter' with importer (PreviewImporter)
Imported 'GUID: 7f6413a3ac0ccbf4b9c2b60f164f9cf9' -> (Import Result ID: '08eb364f80023583c60c8655d5d4bc24') in 0.004 seconds [static and dynamic dependencies]. Details - ImportResultOutputID=45612150cc8c08953bb4fc6a1af94ca8 DependenciesID=549960d0580bb83869fa1f2efab38ba4 StaticDependenciesID=db71f7830d5971314a9278c3f3a775a3 
Number of updated asset objects reloaded before import = 0
Number of asset objects unloaded after import = 2
========================================================================
Received Import Request.
  Time of request: 2026-08-22T13:53:08.6765557Z
  Time since last request: 0.0012329 seconds.
  importAddress: GUID: 0f9443326f7af8c439a109fd18bae1cc - Path: Assets/Card ScriptableObjects/four_clubs.asset - Importer: PreviewImporter
Importing 'GUID: 0f9443326f7af8c439a109fd18bae1cc - Path: Assets/Card ScriptableObjects/four_clubs.asset - Importer: PreviewImporter' with importer (PreviewImporter)
Imported 'GUID: 0f9443326f7af8c439a109fd18bae1cc' -> (Import Result ID: 'b69fba2c17832309c0e28f907db59f22') in 0.007 seconds [static and dynamic dependencies]. Details - ImportResultOutputID=d8a165c88bbdd7acac044712c84cf004 DependenciesID=f684da4c6d98ed32bcb4dc0aa9662429 StaticDependenciesID=f784085e7241d24e0ccce056e0b57a20 
Number of updated asset objects reloaded before import = 0
Number of asset objects unloaded after import = 2
========================================================================
Received Import Request.
  Time of request: 2026-08-22T13:53:08.7376973Z
  Time since last request: 0.0011452 seconds.
  importAddress: GUID: 04f166fb958c52846994b4c0d9972096 - Path: Assets/Card ScriptableObjects/five_clubs.asset - Importer: PreviewImporter
Importing 'GUID: 04f166fb958c52846994b4c0d9972096 - Path: Assets/Card ScriptableObjects/five_clubs.asset - Importer: PreviewImporter' with importer (PreviewImporter)
Imported 'GUID: 04f166fb958c52846994b4c0d9972096' -> (Import Result ID: '1d09f93ad4ce8a0b9a4f220ddb49ff14') in 0.005 seconds [static and dynamic dependencies]. Details - ImportResultOutputID=c3059ac18356344b5d0f13230fcf8aba DependenciesID=431a861d1f27225a5bce06a6645d620c StaticDependenciesID=89ed830f161a42be65a00eebaf0c2c00 
Number of updated asset objects reloaded before import = 0
Number of asset objects unloaded after import = 2
========================================================================
Received Import Request.
  Time of request: 2026-08-22T13:53:08.7962644Z
  Time since last request: 0.0039553 seconds.
  importAddress: GUID: 4042289b857f69040aeffd7bc17be88a - Path: Assets/Card ScriptableObjects/jack_hearts.asset - Importer: PreviewImporter
Importing 'GUID: 4042289b857f69040aeffd7bc17be88a - Path: Assets/Card ScriptableObjects/jack_hearts.asset - Importer: PreviewImporter' with importer (PreviewImporter)
Imported 'GUID: 4042289b857f69040aeffd7bc17be88a' -> (Import Result ID: '15512c178d3df1a41a66bf9efe9014c1') in 0.004 seconds [static and dynamic dependencies]. Details - ImportResultOutputID=ab07691ce3edae51e1931833690c7c2f DependenciesID=55f9021cc1605af88da9b34a23fcaed6 StaticDependenciesID=8b5312ec9cf58ced6f501eb5eeca9a9e 
Number of updated asset objects reloaded before import = 0
Number of asset objects unloaded after import = 2
========================================================================
Received Import Request.
  Time of request: 2026-08-22T13:53:08.8525478Z
  Time since last request: 0.001335 seconds.
  importAddress: GUID: 1ef19d418a195fc448545d5764755b63 - Path: Assets/Card ScriptableObjects/jack_spades.asset - Importer: PreviewImporter
Importing 'GUID: 1ef19d418a195fc448545d5764755b63 - Path: Assets/Card ScriptableObjects/jack_spades.asset - Importer: PreviewImporter' with importer (PreviewImporter)
Imported 'GUID: 1ef19d418a195fc448545d5764755b63' -> (Import Result ID: '7dbba426f062f0263c3907868ad50b3c') in 0.008 seconds [static and dynamic dependencies]. Details - ImportResultOutputID=cb0bbe641a65b1cf407b3c3fb70eceb0 DependenciesID=a9ad0f324515556d697510d317fb9d18 StaticDependenciesID=76bfee91163dfcea66e70eccecc8d8bd 
Number of updated asset objects reloaded before import = 0
Number of asset objects unloaded after import = 2
========================================================================
Received Import Request.
  Time of request: 2026-08-22T13:53:08.9218606Z
  Time since last request: 0.0018266 seconds.
  importAddress: GUID: 824025c138a26cc43864d56a282675db - Path: Assets/Card ScriptableObjects/five_spades.asset - Importer: PreviewImporter
Importing 'GUID: 824025c138a26cc43864d56a282675db - Path: Assets/Card ScriptableObjects/five_spades.asset - Importer: PreviewImporter' with importer (PreviewImporter)
Imported 'GUID: 824025c138a26cc43864d56a282675db' -> (Import Result ID: '61761efcd44755c47d1f70d17f4813a4') in 0.005 seconds [static and dynamic dependencies]. Details - ImportResultOutputID=213234365c59ea9f5ae767f6200e41fe DependenciesID=190ead5946e34a020d45342189ed7349 StaticDependenciesID=b66973502eeb34e4e4a8ec9bf987c76e 
Number of updated asset objects reloaded before import = 0
Number of asset objects unloaded after import = 2
========================================================================
Received Import Request.
  Time of request: 2026-08-22T13:53:54.8793386Z
  Time since last request: 45.8921891 seconds.
  importAddress: GUID: 922a0d361825c244993ae0a564948ca6 - Path: Assets/Card ScriptableObjects/king_clubs.asset - Importer: PreviewImporter
Importing 'GUID: 922a0d361825c244993ae0a564948ca6 - Path: Assets/Card ScriptableObjects/king_clubs.asset - Importer: PreviewImporter' with importer (PreviewImporter)
Imported 'GUID: 922a0d361825c244993ae0a564948ca6' -> (Import Result ID: '5366f586a6b9ea427a8590dbcec4ea02') in 0.344 seconds [static and dynamic dependencies]. Details - ImportResultOutputID=1c7cc83e8e18570622202f6f0b004c1f DependenciesID=bca9bf9affcbaef4794f0e015d1cbf9d StaticDependenciesID=45654e79554126f7a9b4bdcc4ef4e37e 
Number of updated asset objects reloaded before import = 0
Number of asset objects unloaded after import = 2
========================================================================
Received Import Request.
  Time of request: 2026-08-22T13:53:56.4314469Z
  Time since last request: 0.0050024 seconds.
  importAddress: GUID: f0232437b8061b443b25861f5d653e06 - Path: Assets/Card ScriptableObjects/king_diamonds.asset - Importer: PreviewImporter
Importing 'GUID: f0232437b8061b443b25861f5d653e06 - Path: Assets/Card ScriptableObjects/king_diamonds.asset - Importer: PreviewImporter' with importer (PreviewImporter)
Imported 'GUID: f0232437b8061b443b25861f5d653e06' -> (Import Result ID: '58d44e2484eb1383b5beb5b5ebed4c6b') in 0.101 seconds [static and dynamic dependencies]. Details - ImportResultOutputID=fba9feeca622daf068931d7b6a6e08a3 DependenciesID=52fcefe43460ba8609c2eadc6acf6aa8 StaticDependenciesID=ecdcef2b6bfb543ff4b61ad936b3017f 
Number of updated asset objects reloaded before import = 0
Number of asset objects unloaded after import = 2
========================================================================
Received Import Request.
  Time of request: 2026-08-22T13:53:56.6168703Z
  Time since last request: 0.0003536 seconds.
  importAddress: GUID: 4d9a60fec4afb61469170825df6e8831 - Path: Assets/Card ScriptableObjects/king_hearts.asset - Importer: PreviewImporter
Importing 'GUID: 4d9a60fec4afb61469170825df6e8831 - Path: Assets/Card ScriptableObjects/king_hearts.asset - Importer: PreviewImporter' with importer (PreviewImporter)
Imported 'GUID: 4d9a60fec4afb61469170825df6e8831' -> (Import Result ID: 'b815ab17464739fad8cf58ab72b2d83b') in 0.064 seconds [static and dynamic dependencies]. Details - ImportResultOutputID=87c610db0044054cb2044afeb87eef79 DependenciesID=2eea85a8b9aa32b4199f27230b084d5d StaticDependenciesID=9015291b6d458b703bd84306e98bab92 
Number of updated asset objects reloaded before import = 0
Number of asset objects unloaded after import = 2
========================================================================
Received Import Request.
  Time of request: 2026-08-22T13:54:49.9505603Z
  Time since last request: 53.1907549 seconds.
  importAddress: GUID: 0ec45f2b0c1a84644a5fa7b1fad1f485 - Path: Assets/Card ScriptableObjects/nine_spades.asset - Importer: PreviewImporter
Importing 'GUID: 0ec45f2b0c1a84644a5fa7b1fad1f485 - Path: Assets/Card ScriptableObjects/nine_spades.asset - Importer: PreviewImporter' with importer (PreviewImporter)
Imported 'GUID: 0ec45f2b0c1a84644a5fa7b1fad1f485' -> (Import Result ID: '14d27d4020422adf99e8c53f7225105d') in 0.227 seconds [static and dynamic dependencies]. Details - ImportResultOutputID=1392e63969fff6025a883b0abace18dc DependenciesID=d6c64ad523affd0658068c661a0c1567 StaticDependenciesID=59114d5586709f9394aa97d1920f2bce 
Number of updated asset objects reloaded before import = 0
Number of asset objects unloaded after import = 2
========================================================================
Received Import Request.
  Time of request: 2026-08-22T13:55:42.1027628Z
  Time since last request: 51.5591353 seconds.
  importAddress: GUID: 771212071426b0b469a97e1bd2259755 - Path: Assets/Card ScriptableObjects/six_hearts.asset - Importer: PreviewImporter
Importing 'GUID: 771212071426b0b469a97e1bd2259755 - Path: Assets/Card ScriptableObjects/six_hearts.asset - Importer: PreviewImporter' with importer (PreviewImporter)
Imported 'GUID: 771212071426b0b469a97e1bd2259755' -> (Import Result ID: '702ba1dfd220d764a713d607eaba9d71') in 0.064 seconds [static and dynamic dependencies]. Details - ImportResultOutputID=4f78f02ffa9c5a314dfed7b02f068e80 DependenciesID=8ef30cddbd25989bcc47db744f5cc4f2 StaticDependenciesID=c75f9acf08696acbe2e2b59a9c96a89d 
Number of updated asset objects reloaded before import = 0
Number of asset objects unloaded after import = 2
Editor requested this worker to shutdown with reason: Scaling down because of idle timeout
AcceleratorClientConnectionCallback - disconnected - :0
AssetImportWorker is now disconnected from the server
Process exiting
Exiting without the bug reporter. Application will terminate with return code 0