[2026-08-22T12:22:01.804Z][INFO] Command-line: 'C:\\Program Files\\Unity\\Hub\\Editor\\6000.5.8f1\\Editor\\Data\\Resources\\PackageManager\\Server\\UnityPackageManager.exe' server -s 22224 --ipc-path Unity-Upm-22224 -l 2 --log-file C:\\Users\\dast0\\Conquian/Logs/upm.log
[2026-08-22T12:22:01.993Z][INFO] IPC server started (IPC path=Unity-Upm-22224).
[2026-08-22T12:22:01.995Z][INFO] Hint: To connect to this UPM instance, launch Unity with the command-line parameter -upmIpcPath Upm-2222[2026-08-22T12:22:26.853Z][INFO] project:list-packages <-- Request received
params: {}
[2026-08-22T12:22:27.248Z][INFO] config:project:get-registries <-- Request received
params: {}
[2026-08-22T12:22:27.273Z][INFO] project:list-packages <-- Request received
params: {}
[2026-08-22T12:22:28.662Z][INFO] config:project:get-registries --> 200 (1413 ms)
[2026-08-22T12:22:31.111Z][INFO] project:list-packages --> 200 (3837 ms)
[2026-08-22T12:22:31.113Z][INFO] project:list-packages --> 200 (4260 ms)
[2026-08-22T12:24:08.626Z][INFO] project:list-packages <-- Request received
params: {}
[2026-08-22T12:24:08.730Z][INFO] project:list-packages <-- Request received
params: {}
[2026-08-22T12:24:10.188Z][INFO] project:list-packages --> 200 (1562 ms)
[2026-08-22T12:24:10.272Z][INFO] project:list-packages --> 200 (1542 ms)
[2026-08-22T12:24:23.345Z][INFO] project:list-packages <-- Request received
params: {}
[2026-08-22T12:24:24.209Z][INFO] project:list-packages --> 200 (863 ms)
[2026-08-22T12:24:29.848Z][INFO] config:project:get-registries <-- Request received
params: {}
[2026-08-22T12:24:29.861Z][INFO] config:project:get-registries --> 200 (13 ms)
[2026-08-22T12:25:12.340Z][INFO] project:list-packages <-- Request received
params: {}
[2026-08-22T12:25:13.465Z][INFO] project:list-packages --> 200 (1125 ms)
[2026-08-22T12:25:21.005Z][INFO] packages:get-packageinfo <-- Request received
params: {
  "packageId": "com.unity.ai.assistant"
}
[2026-08-22T12:25:22.066Z][INFO] packages:get-packageinfo --> 200 (1062 ms)
[2026-08-22T12:25:30.022Z][INFO] project:list-packages <-- Request received
params: {}
[2026-08-22T12:25:33.695Z][INFO] project:list-packages --> 200 (3673 ms)
[2026-08-22T13:25:15.370Z][INFO] project:list-packages <-- Request received
params: {}
[2026-08-22T13:25:19.171Z][INFO] project:list-packages --> 200 (3859 ms)
[2026-08-22T13:25:23.361Z][INFO] project:list-packages <-- Request received
params: {}
[2026-08-22T13:25:24.683Z][INFO] project:list-packages --> 200 (1323 ms)
[2026-08-22T13:25:28.185Z][INFO] config:project:get-registries <-- Request received
params: {}
[2026-08-22T13:25:28.198Z][INFO] config:project:get-registries --> 200 (13 ms)
[2026-08-22T13:25:43.108Z][INFO] packages:get-packageinfo <-- Request received
params: {
  "packageId": "com.unity.ai.assistant"
}
[2026-08-22T13:25:43.983Z][INFO] packages:get-packageinfo --> 200 (875 ms)
[2026-08-22T13:25:53.953Z][INFO] project:list-packages <-- Request received
params: {}
[2026-08-22T13:25:59.352Z][INFO] project:list-packages <-- Request received
params: {}
[2026-08-22T13:25:59.542Z][INFO] project:list-packages --> 200 (5590 ms)
[2026-08-22T13:26:01.186Z][INFO] project:list-packages --> 200 (1835 ms)
[2026-08-22T14:05:45.086Z][INFO] project:list-packages <-- Request received
params: {}
[2026-08-22T14:05:47.294Z][INFO] project:list-packages --> 200 (2261 ms)
[2026-08-22T14:05:50.606Z][INFO] project:list-packages <-- Request received
params: {}
[2026-08-22T14:05:51.754Z][INFO] project:list-packages --> 200 (1148 ms)
[2026-08-22T14:05:53.237Z][INFO] config:project:get-registries <-- Request received
params: {}
[2026-08-22T14:05:53.250Z][INFO] config:project:get-registries --> 200 (14 ms)
[2026-08-22T14:06:00.071Z][INFO] packages:get-packageinfo <-- Request received
params: {
  "packageId": "com.unity.ai.assistant"
}
[2026-08-22T14:06:01.354Z][INFO] packages:get-packageinfo --> 200 (1283 ms)
[2026-08-22T14:06:07.268Z][INFO] project:list-packages <-- Request received
params: {}
[2026-08-22T14:06:07.643Z][INFO] project:list-packages <-- Request received
params: {}
[2026-08-22T14:06:11.385Z][INFO] project:list-packages --> 200 (3742 ms)
[2026-08-22T14:06:11.390Z][INFO] project:list-packages --> 200 (4122 ms)
[2026-08-22T14:08:42.538Z][INFO] project:list-packages <-- Request received
params: {}
[2026-08-22T14:08:43.882Z][INFO] project:list-packages --> 200 (1353 ms)
[2026-08-22T14:08:49.129Z][INFO] project:list-packages <-- Request received
params: {}
[2026-08-22T14:08:50.137Z][INFO] project:list-packages --> 200 (1007 ms)
[2026-08-22T14:08:51.632Z][INFO] config:project:get-registries <-- Request received
params: {}
[2026-08-22T14:08:51.642Z][INFO] config:project:get-registries --> 200 (10 ms)
[2026-08-22T14:08:58.103Z][INFO] packages:get-packageinfo <-- Request received
params: {
  "packageId": "com.unity.ai.assistant"
}
[2026-08-22T14:08:58.880Z][INFO] packages:get-packageinfo --> 200 (778 ms)
[2026-08-22T14:09:02.940Z][INFO] project:list-packages <-- Request received
params: {}
[2026-08-22T14:09:03.542Z][INFO] project:list-packages <-- Request received
params: {}
[2026-08-22T14:09:07.194Z][INFO] project:list-packages --> 200 (4253 ms)
[2026-08-22T14:09:07.199Z][INFO] project:list-packages --> 200 (3656 ms)
[2026-08-22T14:20:29.236Z][INFO] project:list-packages <-- Request received
params: {}
[2026-08-22T14:20:29.613Z][INFO] project:list-packages <-- Request received
params: {}
[2026-08-22T14:20:32.884Z][INFO] project:list-packages <-- Request received
params: {}
[2026-08-22T14:20:33.293Z][INFO] project:list-packages <-- Request received
params: {}
[2026-08-22T14:20:35.492Z][INFO] project:list-packages --> 200 (2607 ms)
[2026-08-22T14:20:35.496Z][INFO] project:list-packages --> 200 (5883 ms)
[2026-08-22T14:20:35.500Z][INFO] project:list-packages --> 200 (2207 ms)
[2026-08-22T14:20:35.505Z][INFO] project:list-packages --> 200 (6295 ms)
[2026-08-22T14:48:11.023Z][INFO] project:list-packages <-- Request received
params: {}
[2026-08-22T14:48:12.486Z][INFO] project:list-packages --> 200 (1490 ms)
[2026-08-22T14:48:15.245Z][INFO] project:list-packages <-- Request received
params: {}
[2026-08-22T14:48:15.808Z][INFO] project:list-packages --> 200 (563 ms)
[2026-08-22T14:48:16.762Z][INFO] config:project:get-registries <-- Request received
params: {}
[2026-08-22T14:48:16.771Z][INFO] config:project:get-registries --> 200 (9 ms)
[2026-08-22T14:48:24.324Z][INFO] packages:get-packageinfo <-- Request received
params: {
  "packageId": "com.unity.ai.assistant"
}
[2026-08-22T14:48:25.054Z][INFO] packages:get-packageinfo --> 200 (730 ms)
[2026-08-22T14:48:36.324Z][INFO] project:list-packages <-- Request received
params: {}
[2026-08-22T14:48:36.518Z][INFO] project:list-packages <-- Request received
params: {}
[2026-08-22T14:48:41.669Z][INFO] project:list-packages --> 200 (5151 ms)
[2026-08-22T14:48:41.679Z][INFO] project:list-packages --> 200 (5356 ms)
[2026-08-22T14:57:40.410Z][INFO] project:list-packages <-- Request received
params: {}
[2026-08-22T14:57:41.663Z][INFO] project:list-packages --> 200 (1283 ms)
[2026-08-22T14:57:43.856Z][INFO] project:list-packages <-- Request received
params: {}
[2026-08-22T14:57:44.365Z][INFO] project:list-packages --> 200 (508 ms)
[2026-08-22T14:57:45.353Z][INFO] config:project:get-registries <-- Request received
params: {}
[2026-08-22T14:57:45.362Z][INFO] config:project:get-registries --> 200 (9 ms)
[2026-08-22T14:57:49.648Z][INFO] packages:get-packageinfo <-- Request received
params: {
  "packageId": "com.unity.ai.assistant"
}
[2026-08-22T14:57:50.280Z][INFO] packages:get-packageinfo --> 200 (632 ms)
[2026-08-22T14:57:56.441Z][INFO] project:list-packages <-- Request received
params: {}
[2026-08-22T14:57:56.710Z][INFO] project:list-packages <-- Request received
params: {}
[2026-08-22T14:58:00.694Z][INFO] project:list-packages --> 200 (3985 ms)
[2026-08-22T14:58:00.699Z][INFO] project:list-packages --> 200 (4259 ms)
